// Jest Snapshot v1, https://goo.gl/fbAQLP

exports[`Download.jsx does its thing 1`] = `
<div>
  <h4>
    Complete Dataset
  </h4>
  <a
    disabled={false}
    download="text.csv"
    href="https://cartoprod.capitalplanning.nyc/user/cpp/api/v2/sql?q=SELECT%20*%20FROM%20that_table&format=csv&filename=good_stuff_complete_2017-04-12"
    onBlur={[Function]}
    onClick={[Function]}
    onFocus={[Function]}
    onKeyDown={[Function]}
    onKeyUp={[Function]}
    onMouseEnter={[Function]}
    onMouseLeave={[Function]}
    onTouchStart={[Function]}
    onTouchTap={[Function]}
    style={
      Object {
        "WebkitTapHighlightColor": "rgba(0, 0, 0, 0)",
        "backgroundColor": "rgba(0, 0, 0, 0)",
        "border": 10,
        "borderRadius": 2,
        "boxSizing": "border-box",
        "color": "rgba(0, 0, 0, 0.87)",
        "cursor": "pointer",
        "display": "inline-block",
        "fontFamily": "Roboto, sans-serif",
        "fontSize": "inherit",
        "fontWeight": "inherit",
        "height": 36,
        "lineHeight": "36px",
        "margin": 0,
        "minWidth": 88,
        "muiPrepared": true,
        "outline": "none",
        "overflow": "hidden",
        "padding": 0,
        "position": "relative",
        "textAlign": "center",
        "textDecoration": "none",
        "transition": "all 450ms cubic-bezier(0.23, 1, 0.32, 1) 0ms",
        "userSelect": "none",
        "verticalAlign": "middle",
        "zIndex": 1,
      }
    }
    tabIndex={0}
  >
    <div
      onMouseDown={[Function]}
      onMouseLeave={[Function]}
      onMouseUp={[Function]}
      onTouchEnd={[Function]}
      onTouchStart={[Function]}
    >
      <span
        className="fa fa-file-excel-o"
        color="rgba(0, 0, 0, 0.87)"
        onMouseEnter={[Function]}
        onMouseLeave={[Function]}
        style={
          Object {
            "color": "rgba(0, 0, 0, 0.87)",
            "display": "inline-block",
            "fontSize": "11px",
            "marginLeft": 12,
            "marginRight": 0,
            "muiPrepared": true,
            "position": "relative",
            "transition": "all 450ms cubic-bezier(0.23, 1, 0.32, 1) 0ms",
            "userSelect": "none",
            "verticalAlign": "middle",
          }
        }
      />
      <span
        style={
          Object {
            "fontSize": "11px",
            "fontWeight": 500,
            "letterSpacing": 0,
            "muiPrepared": true,
            "paddingLeft": 8,
            "paddingRight": 16,
            "position": "relative",
            "textTransform": "uppercase",
            "verticalAlign": "middle",
          }
        }
      >
        CSV
      </span>
    </div>
  </a>
  <a
    disabled={false}
    href="https://cartoprod.capitalplanning.nyc/user/cpp/api/v2/sql?q=SELECT%20*%20FROM%20that_table&format=geojson&filename=good_stuff_complete_2017-04-12"
    onBlur={[Function]}
    onClick={[Function]}
    onFocus={[Function]}
    onKeyDown={[Function]}
    onKeyUp={[Function]}
    onMouseEnter={[Function]}
    onMouseLeave={[Function]}
    onTouchStart={[Function]}
    onTouchTap={[Function]}
    style={
      Object {
        "WebkitTapHighlightColor": "rgba(0, 0, 0, 0)",
        "backgroundColor": "rgba(0, 0, 0, 0)",
        "border": 10,
        "borderRadius": 2,
        "boxSizing": "border-box",
        "color": "rgba(0, 0, 0, 0.87)",
        "cursor": "pointer",
        "display": "inline-block",
        "fontFamily": "Roboto, sans-serif",
        "fontSize": "inherit",
        "fontWeight": "inherit",
        "height": 36,
        "lineHeight": "36px",
        "margin": 0,
        "minWidth": 88,
        "muiPrepared": true,
        "outline": "none",
        "overflow": "hidden",
        "padding": 0,
        "position": "relative",
        "textAlign": "center",
        "textDecoration": "none",
        "transition": "all 450ms cubic-bezier(0.23, 1, 0.32, 1) 0ms",
        "userSelect": "none",
        "verticalAlign": "middle",
        "zIndex": 1,
      }
    }
    tabIndex={0}
  >
    <div
      onMouseDown={[Function]}
      onMouseLeave={[Function]}
      onMouseUp={[Function]}
      onTouchEnd={[Function]}
      onTouchStart={[Function]}
    >
      <span
        className="fa fa-file-code-o"
        color="rgba(0, 0, 0, 0.87)"
        onMouseEnter={[Function]}
        onMouseLeave={[Function]}
        style={
          Object {
            "color": "rgba(0, 0, 0, 0.87)",
            "display": "inline-block",
            "fontSize": "11px",
            "marginLeft": 12,
            "marginRight": 0,
            "muiPrepared": true,
            "position": "relative",
            "transition": "all 450ms cubic-bezier(0.23, 1, 0.32, 1) 0ms",
            "userSelect": "none",
            "verticalAlign": "middle",
          }
        }
      />
      <span
        style={
          Object {
            "fontSize": "11px",
            "fontWeight": 500,
            "letterSpacing": 0,
            "muiPrepared": true,
            "paddingLeft": 8,
            "paddingRight": 16,
            "position": "relative",
            "textTransform": "uppercase",
            "verticalAlign": "middle",
          }
        }
      >
        GeoJSON
      </span>
    </div>
  </a>
  <a
    disabled={false}
    href="https://cartoprod.capitalplanning.nyc/user/cpp/api/v2/sql?q=SELECT%20*%20FROM%20that_table&format=shp&filename=good_stuff_complete_2017-04-12"
    onBlur={[Function]}
    onClick={[Function]}
    onFocus={[Function]}
    onKeyDown={[Function]}
    onKeyUp={[Function]}
    onMouseEnter={[Function]}
    onMouseLeave={[Function]}
    onTouchStart={[Function]}
    onTouchTap={[Function]}
    style={
      Object {
        "WebkitTapHighlightColor": "rgba(0, 0, 0, 0)",
        "backgroundColor": "rgba(0, 0, 0, 0)",
        "border": 10,
        "borderRadius": 2,
        "boxSizing": "border-box",
        "color": "rgba(0, 0, 0, 0.87)",
        "cursor": "pointer",
        "display": "inline-block",
        "fontFamily": "Roboto, sans-serif",
        "fontSize": "inherit",
        "fontWeight": "inherit",
        "height": 36,
        "lineHeight": "36px",
        "margin": 0,
        "minWidth": 88,
        "muiPrepared": true,
        "outline": "none",
        "overflow": "hidden",
        "padding": 0,
        "position": "relative",
        "textAlign": "center",
        "textDecoration": "none",
        "transition": "all 450ms cubic-bezier(0.23, 1, 0.32, 1) 0ms",
        "userSelect": "none",
        "verticalAlign": "middle",
        "zIndex": 1,
      }
    }
    tabIndex={0}
  >
    <div
      onMouseDown={[Function]}
      onMouseLeave={[Function]}
      onMouseUp={[Function]}
      onTouchEnd={[Function]}
      onTouchStart={[Function]}
    >
      <span
        className="fa fa-file-archive-o"
        color="rgba(0, 0, 0, 0.87)"
        onMouseEnter={[Function]}
        onMouseLeave={[Function]}
        style={
          Object {
            "color": "rgba(0, 0, 0, 0.87)",
            "display": "inline-block",
            "fontSize": "11px",
            "marginLeft": 12,
            "marginRight": 0,
            "muiPrepared": true,
            "position": "relative",
            "transition": "all 450ms cubic-bezier(0.23, 1, 0.32, 1) 0ms",
            "userSelect": "none",
            "verticalAlign": "middle",
          }
        }
      />
      <span
        style={
          Object {
            "fontSize": "11px",
            "fontWeight": 500,
            "letterSpacing": 0,
            "muiPrepared": true,
            "paddingLeft": 8,
            "paddingRight": 16,
            "position": "relative",
            "textTransform": "uppercase",
            "verticalAlign": "middle",
          }
        }
      >
        Shapefile
      </span>
    </div>
  </a>
  <h4>
    Filtered Dataset
  </h4>
  <a
    disabled={false}
    href="https://cartoprod.capitalplanning.nyc/user/cpp/api/v2/sql?q=SELECT%20*%20FROM%20that_table&format=csv&filename=good_stuff_filtered_2017-04-12"
    onBlur={[Function]}
    onClick={[Function]}
    onFocus={[Function]}
    onKeyDown={[Function]}
    onKeyUp={[Function]}
    onMouseEnter={[Function]}
    onMouseLeave={[Function]}
    onTouchStart={[Function]}
    onTouchTap={[Function]}
    style={
      Object {
        "WebkitTapHighlightColor": "rgba(0, 0, 0, 0)",
        "backgroundColor": "rgba(0, 0, 0, 0)",
        "border": 10,
        "borderRadius": 2,
        "boxSizing": "border-box",
        "color": "rgba(0, 0, 0, 0.87)",
        "cursor": "pointer",
        "display": "inline-block",
        "fontFamily": "Roboto, sans-serif",
        "fontSize": "inherit",
        "fontWeight": "inherit",
        "height": 36,
        "lineHeight": "36px",
        "margin": 0,
        "minWidth": 88,
        "muiPrepared": true,
        "outline": "none",
        "overflow": "hidden",
        "padding": 0,
        "position": "relative",
        "textAlign": "center",
        "textDecoration": "none",
        "transition": "all 450ms cubic-bezier(0.23, 1, 0.32, 1) 0ms",
        "userSelect": "none",
        "verticalAlign": "middle",
        "zIndex": 1,
      }
    }
    tabIndex={0}
  >
    <div
      onMouseDown={[Function]}
      onMouseLeave={[Function]}
      onMouseUp={[Function]}
      onTouchEnd={[Function]}
      onTouchStart={[Function]}
    >
      <span
        className="fa fa-file-excel-o"
        color="rgba(0, 0, 0, 0.87)"
        onMouseEnter={[Function]}
        onMouseLeave={[Function]}
        style={
          Object {
            "color": "rgba(0, 0, 0, 0.87)",
            "display": "inline-block",
            "fontSize": "11px",
            "marginLeft": 12,
            "marginRight": 0,
            "muiPrepared": true,
            "position": "relative",
            "transition": "all 450ms cubic-bezier(0.23, 1, 0.32, 1) 0ms",
            "userSelect": "none",
            "verticalAlign": "middle",
          }
        }
      />
      <span
        style={
          Object {
            "fontSize": "11px",
            "fontWeight": 500,
            "letterSpacing": 0,
            "muiPrepared": true,
            "paddingLeft": 8,
            "paddingRight": 16,
            "position": "relative",
            "textTransform": "uppercase",
            "verticalAlign": "middle",
          }
        }
      >
        CSV
      </span>
    </div>
  </a>
  <a
    disabled={false}
    href="https://cartoprod.capitalplanning.nyc/user/cpp/api/v2/sql?q=SELECT%20*%20FROM%20that_table&format=geojson&filename=good_stuff_filtered_2017-04-12"
    onBlur={[Function]}
    onClick={[Function]}
    onFocus={[Function]}
    onKeyDown={[Function]}
    onKeyUp={[Function]}
    onMouseEnter={[Function]}
    onMouseLeave={[Function]}
    onTouchStart={[Function]}
    onTouchTap={[Function]}
    style={
      Object {
        "WebkitTapHighlightColor": "rgba(0, 0, 0, 0)",
        "backgroundColor": "rgba(0, 0, 0, 0)",
        "border": 10,
        "borderRadius": 2,
        "boxSizing": "border-box",
        "color": "rgba(0, 0, 0, 0.87)",
        "cursor": "pointer",
        "display": "inline-block",
        "fontFamily": "Roboto, sans-serif",
        "fontSize": "inherit",
        "fontWeight": "inherit",
        "height": 36,
        "lineHeight": "36px",
        "margin": 0,
        "minWidth": 88,
        "muiPrepared": true,
        "outline": "none",
        "overflow": "hidden",
        "padding": 0,
        "position": "relative",
        "textAlign": "center",
        "textDecoration": "none",
        "transition": "all 450ms cubic-bezier(0.23, 1, 0.32, 1) 0ms",
        "userSelect": "none",
        "verticalAlign": "middle",
        "zIndex": 1,
      }
    }
    tabIndex={0}
  >
    <div
      onMouseDown={[Function]}
      onMouseLeave={[Function]}
      onMouseUp={[Function]}
      onTouchEnd={[Function]}
      onTouchStart={[Function]}
    >
      <span
        className="fa fa-file-code-o"
        color="rgba(0, 0, 0, 0.87)"
        onMouseEnter={[Function]}
        onMouseLeave={[Function]}
        style={
          Object {
            "color": "rgba(0, 0, 0, 0.87)",
            "display": "inline-block",
            "fontSize": "11px",
            "marginLeft": 12,
            "marginRight": 0,
            "muiPrepared": true,
            "position": "relative",
            "transition": "all 450ms cubic-bezier(0.23, 1, 0.32, 1) 0ms",
            "userSelect": "none",
            "verticalAlign": "middle",
          }
        }
      />
      <span
        style={
          Object {
            "fontSize": "11px",
            "fontWeight": 500,
            "letterSpacing": 0,
            "muiPrepared": true,
            "paddingLeft": 8,
            "paddingRight": 16,
            "position": "relative",
            "textTransform": "uppercase",
            "verticalAlign": "middle",
          }
        }
      >
        GeoJSON
      </span>
    </div>
  </a>
  <a
    disabled={false}
    href="https://cartoprod.capitalplanning.nyc/user/cpp/api/v2/sql?q=SELECT%20*%20FROM%20that_table&format=shp&filename=good_stuff_filtered_2017-04-12"
    onBlur={[Function]}
    onClick={[Function]}
    onFocus={[Function]}
    onKeyDown={[Function]}
    onKeyUp={[Function]}
    onMouseEnter={[Function]}
    onMouseLeave={[Function]}
    onTouchStart={[Function]}
    onTouchTap={[Function]}
    style={
      Object {
        "WebkitTapHighlightColor": "rgba(0, 0, 0, 0)",
        "backgroundColor": "rgba(0, 0, 0, 0)",
        "border": 10,
        "borderRadius": 2,
        "boxSizing": "border-box",
        "color": "rgba(0, 0, 0, 0.87)",
        "cursor": "pointer",
        "display": "inline-block",
        "fontFamily": "Roboto, sans-serif",
        "fontSize": "inherit",
        "fontWeight": "inherit",
        "height": 36,
        "lineHeight": "36px",
        "margin": 0,
        "minWidth": 88,
        "muiPrepared": true,
        "outline": "none",
        "overflow": "hidden",
        "padding": 0,
        "position": "relative",
        "textAlign": "center",
        "textDecoration": "none",
        "transition": "all 450ms cubic-bezier(0.23, 1, 0.32, 1) 0ms",
        "userSelect": "none",
        "verticalAlign": "middle",
        "zIndex": 1,
      }
    }
    tabIndex={0}
  >
    <div
      onMouseDown={[Function]}
      onMouseLeave={[Function]}
      onMouseUp={[Function]}
      onTouchEnd={[Function]}
      onTouchStart={[Function]}
    >
      <span
        className="fa fa-file-archive-o"
        color="rgba(0, 0, 0, 0.87)"
        onMouseEnter={[Function]}
        onMouseLeave={[Function]}
        style={
          Object {
            "color": "rgba(0, 0, 0, 0.87)",
            "display": "inline-block",
            "fontSize": "11px",
            "marginLeft": 12,
            "marginRight": 0,
            "muiPrepared": true,
            "position": "relative",
            "transition": "all 450ms cubic-bezier(0.23, 1, 0.32, 1) 0ms",
            "userSelect": "none",
            "verticalAlign": "middle",
          }
        }
      />
      <span
        style={
          Object {
            "fontSize": "11px",
            "fontWeight": 500,
            "letterSpacing": 0,
            "muiPrepared": true,
            "paddingLeft": 8,
            "paddingRight": 16,
            "position": "relative",
            "textTransform": "uppercase",
            "verticalAlign": "middle",
          }
        }
      >
        Shapefile
      </span>
    </div>
  </a>
</div>
`;
